// Jest Snapshot v1, https://goo.gl/fbAQLP

exports[`HistoryItem component renders HistoryItem 1`] = `
<DocumentFragment>
  <article
    id="1"
  >
    <h3
      id="1"
    >
      GET
    </h3>
    <p
      id="1"
    >
      www.google.com
    </p>
  </article>
</DocumentFragment>
`;
